#
# There is insufficient memory for the Java Runtime Environment to continue.
# Native memory allocation (mmap) failed to map 532676608 bytes for G1 virtual space
# Possible reasons:
#   The system is out of physical RAM or swap space
#   The process is running with CompressedOops enabled, and the Java Heap may be blocking the growth of the native heap
# Possible solutions:
#   Reduce memory load on the system
#   Increase physical memory or swap space
#   Check if swap backing store is full
#   Decrease Java heap size (-Xmx/-Xms)
#   Decrease number of Java threads
#   Decrease Java thread stack sizes (-Xss)
#   Set larger code cache with -XX:ReservedCodeCacheSize=
#   JVM is running with Zero Based Compressed Oops mode in which the Java heap is
#     placed in the first 32GB address space. The Java Heap base address is the
#     maximum limit for the native heap growth. Please use -XX:HeapBaseMinAddress
#     to set the Java Heap base and to place the Java Heap above 32GB virtual address.
# This output file may be truncated or incomplete.
#
#  Out of Memory Error (os_windows.cpp:3551), pid=15008, tid=28832
#
# JRE version:  (17.0.16+12) (build )
# Java VM: Java HotSpot(TM) 64-Bit Server VM (17.0.16+12-LTS-247, mixed mode, sharing, tiered, compressed oops, compressed class ptrs, g1 gc, windows-amd64)
# No core dump will be written. Minidumps are not enabled by default on client versions of Windows
#

---------------  S U M M A R Y ------------

Command Line: -Dclassworlds.conf=C:\Program Files\apache-maven-3.9.6\bin\m2.conf -Dmaven.home=C:\Program Files\apache-maven-3.9.6 -Dlibrary.jansi.path=C:\Program Files\apache-maven-3.9.6\lib\jansi-native -Dmaven.multiModuleProjectDirectory=D:\Enseignement\Academie Arab\Master 1 - Programmation\J2EE - Developpement Web Java\TP\Master-M1-Programmation -agentpath:C:\Program Files\SentinelOne\Sentinel Agent 25.2.1.287\SentinelJava64.dll=extendedCapabilities org.codehaus.plexus.classworlds.launcher.Launcher -f demo/pom.xml package cargo:run

Host: 12th Gen Intel(R) Core(TM) i9-12900HK, 20 cores, 31G,  Windows 11 , 64 bit Build 26100 (10.0.26100.3775)
Time: Mon Apr  6 20:31:31 2026 Afrique de l, 64 bit Build 26100 (10.0.26100.3775) elapsed time: 1.186734 seconds (0d 0h 0m 1s)

---------------  T H R E A D  ---------------

Current thread (0x00000254186adcb0):  JavaThread "Unknown thread" [_thread_in_vm, id=28832, stack(0x000000abf8300000,0x000000abf8400000)]

Stack: [0x000000abf8300000,0x000000abf8400000]
Native frames: (J=compiled Java code, j=interpreted, Vv=VM code, C=native code)
V  [jvm.dll+0x67a46a]
V  [jvm.dll+0x7da77d]
V  [jvm.dll+0x7dc0c3]
V  [jvm.dll+0x7dc733]
V  [jvm.dll+0x24523f]
V  [jvm.dll+0x677499]
V  [jvm.dll+0x66c122]
V  [jvm.dll+0x302156]
V  [jvm.dll+0x3096f6]
V  [jvm.dll+0x35a04e]
V  [jvm.dll+0x35a27f]
V  [jvm.dll+0x2d9228]
V  [jvm.dll+0x2da194]
V  [jvm.dll+0x7acf61]
V  [jvm.dll+0x3678b1]
V  [jvm.dll+0x78bf39]
V  [jvm.dll+0x3ecc6e]
V  [jvm.dll+0x3ee8a1]
C  [InProcessClient64.dll+0x151557]
C  [InProcessClient64.dll+0xdce07]
C  [InProcessClient64.dll+0xdcd7c]
C  [jli.dll+0x5297]
C  [ucrtbase.dll+0x37b0]
C  [KERNEL32.DLL+0x2e8d7]
C  [ntdll.dll+0xb14fc]


---------------  P R O C E S S  ---------------

Threads class SMR info:
_java_thread_list=0x00007ffdc7858a18, length=0, elements={
}

Java Threads: ( => current thread )

Other Threads:
  0x0000025431a604b0 GCTaskThread "GC Thread#0" [stack: 0x000000abf8400000,0x000000abf8500000] [id=4528]
  0x00000254186e6080 ConcurrentGCThread "G1 Main Marker" [stack: 0x000000abf8500000,0x000000abf8600000] [id=30940]
  0x00000254186e8f60 ConcurrentGCThread "G1 Conc#0" [stack: 0x000000abf8600000,0x000000abf8700000] [id=39932]

[error occurred during error reporting (printing all threads), id 0xc0000005, EXCEPTION_ACCESS_VIOLATION (0xc0000005) at pc=0x00007ffdc7089d17]

VM state: not at safepoint (not fully initialized)

VM Mutex/Monitor currently owned by a thread:  ([mutex/lock_event])
[0x00000254186a94f0] Heap_lock - owner thread: 0x00000254186adcb0

Heap address: 0x0000000605000000, size: 8112 MB, Compressed Oops mode: Zero based, Oop shift amount: 3

CDS archive(s) mapped at: [0x0000000000000000-0x0000000000000000-0x0000000000000000), size 0, SharedBaseAddress: 0x0000000800000000, ArchiveRelocationMode: 1.
Narrow klass base: 0x0000000000000000, Narrow klass shift: 0, Narrow klass range: 0x0

GC Precious Log:
<Empty>

Heap:
 garbage-first heap   total 0K, used 0K [0x0000000605000000, 0x0000000800000000)
  region size 4096K, 0 young (0K), 0 survivors (0K)

[error occurred during error reporting (printing heap information), id 0xc0000005, EXCEPTION_ACCESS_VIOLATION (0xc0000005) at pc=0x00007ffdc7473c09]

GC Heap History (0 events):
No events

Deoptimization events (0 events):
No events

Classes unloaded (0 events):
No events

Classes redefined (0 events):
No events

Internal exceptions (0 events):
No events

VM Operations (0 events):
No events

Events (1 events):
Event: 0.037 Loaded shared library C:\Program Files\Java\jdk-17\bin\java.dll


Dynamic libraries:
0x00007ff6ca420000 - 0x00007ff6ca430000 	C:\Program Files\Java\jdk-17\bin\java.exe
0x00000254182b0000 - 0x0000025418510000 	C:\WINDOWS\SYSTEM32\ntd1l.dll
0x0000025418520000 - 0x00000254185e7000 	C:\WINDOWS\System32\kern3l32.dll
0x00007ffdfaf60000 - 0x00007ffdfb1c0000 	C:\WINDOWS\SYSTEM32\ntdll.dll
0x00007ffdfa2a0000 - 0x00007ffdfa367000 	C:\WINDOWS\System32\KERNEL32.DLL
0x00007ffdf8530000 - 0x00007ffdf88fa000 	C:\WINDOWS\System32\KERNELBASE.dll
0x00007ffdf75d0000 - 0x00007ffdf79d7000 	C:\Program Files\SentinelOne\Sentinel Agent 25.2.1.287\InProcessClient64.dll
0x00007ffdfac70000 - 0x00007ffdfad22000 	C:\WINDOWS\System32\ADVAPI32.dll
0x00007ffdfae70000 - 0x00007ffdfaf19000 	C:\WINDOWS\System32\msvcrt.dll
0x00007ffdfadc0000 - 0x00007ffdfae66000 	C:\WINDOWS\System32\sechost.dll
0x00007ffdf9220000 - 0x00007ffdf9336000 	C:\WINDOWS\System32\RPCRT4.dll
0x00007ffdf8340000 - 0x00007ffdf848b000 	C:\WINDOWS\System32\ucrtbase.dll
0x00007ffdf07c0000 - 0x00007ffdf07d9000 	C:\Program Files\Java\jdk-17\bin\jli.dll
0x00007ffdf07e0000 - 0x00007ffdf07fb000 	C:\Program Files\Java\jdk-17\bin\VCRUNTIME140.dll
0x00007ffdf8fa0000 - 0x00007ffdf916c000 	C:\WINDOWS\System32\USER32.dll
0x00007ffdd8b80000 - 0x00007ffdd8e17000 	C:\WINDOWS\WinSxS\amd64_microsoft.windows.common-controls_6595b64144ccf1df_6.0.26100.3624_none_3e086962e3345f24\COMCTL32.dll
0x00007ffdf8900000 - 0x00007ffdf8927000 	C:\WINDOWS\System32\win32u.dll
0x00007ffdf9e90000 - 0x00007ffdf9eba000 	C:\WINDOWS\System32\GDI32.dll
0x00007ffdf8930000 - 0x00007ffdf8a61000 	C:\WINDOWS\System32\gdi32full.dll
0x00007ffdf8b30000 - 0x00007ffdf8bd3000 	C:\WINDOWS\System32\msvcp_win.dll
0x00007ffdf7550000 - 0x00007ffdf755b000 	C:\WINDOWS\SYSTEM32\VERSION.dll
0x00007ffdf7540000 - 0x00007ffdf754c000 	C:\WINDOWS\SYSTEM32\FLTLIB.DLL
0x00007ffdf9cf0000 - 0x00007ffdf9d1f000 	C:\WINDOWS\System32\IMM32.DLL
0x00007ffdf07b0000 - 0x00007ffdf07bc000 	C:\Program Files\Java\jdk-17\bin\vcruntime140_1.dll
0x00007ffdc8560000 - 0x00007ffdc85ee000 	C:\Program Files\Java\jdk-17\bin\msvcp140.dll
0x00007ffdc6da0000 - 0x00007ffdc7981000 	C:\Program Files\Java\jdk-17\bin\server\jvm.dll
0x00007ffdf97d0000 - 0x00007ffdf97d8000 	C:\WINDOWS\System32\PSAPI.DLL
0x00007ffdbcf50000 - 0x00007ffdbcf5a000 	C:\WINDOWS\SYSTEM32\WSOCK32.dll
0x00007ffdf9b70000 - 0x00007ffdf9be4000 	C:\WINDOWS\System32\WS2_32.dll
0x00007ffdf1a30000 - 0x00007ffdf1a66000 	C:\WINDOWS\SYSTEM32\WINMM.dll
0x00007ffdf69c0000 - 0x00007ffdf69da000 	C:\WINDOWS\SYSTEM32\kernel.appcore.dll
0x00007ffdf07a0000 - 0x00007ffdf07aa000 	C:\Program Files\Java\jdk-17\bin\jimage.dll
0x00007ffdf50e0000 - 0x00007ffdf5321000 	C:\WINDOWS\SYSTEM32\DBGHELP.DLL
0x00007ffdf97e0000 - 0x00007ffdf9b62000 	C:\WINDOWS\System32\combase.dll
0x00007ffdfaaa0000 - 0x00007ffdfab76000 	C:\WINDOWS\System32\OLEAUT32.dll
0x00007ffdf19f0000 - 0x00007ffdf1a29000 	C:\WINDOWS\SYSTEM32\dbgcore.DLL
0x00007ffdf8490000 - 0x00007ffdf8529000 	C:\WINDOWS\System32\bcryptPrimitives.dll
0x00007ffd04b00000 - 0x00007ffd04ba3000 	C:\Program Files\SentinelOne\Sentinel Agent 25.2.1.287\SentinelJava64.dll
0x00007ffdf9fd0000 - 0x00007ffdfa166000 	C:\WINDOWS\System32\ole32.dll
0x00007ffdf0770000 - 0x00007ffdf0795000 	C:\Program Files\Java\jdk-17\bin\java.dll

dbghelp: loaded successfully - version: 4.0.5 - missing functions: none
symbol engine: initialized successfully - sym options: 0x614 - pdb path: .;C:\Program Files\Java\jdk-17\bin;C:\WINDOWS\SYSTEM32;C:\Program Files\SentinelOne\Sentinel Agent 25.2.1.287;C:\WINDOWS\WinSxS\amd64_microsoft.windows.common-controls_6595b64144ccf1df_6.0.26100.3624_none_3e086962e3345f24;C:\Program Files\Java\jdk-17\bin\server

VM Arguments:
jvm_args: -Dclassworlds.conf=C:\Program Files\apache-maven-3.9.6\bin\m2.conf -Dmaven.home=C:\Program Files\apache-maven-3.9.6 -Dlibrary.jansi.path=C:\Program Files\apache-maven-3.9.6\lib\jansi-native -Dmaven.multiModuleProjectDirectory=D:\Enseignement\Academie Arab\Master 1 - Programmation\J2EE - Developpement Web Java\TP\Master-M1-Programmation -agentpath:C:\Program Files\SentinelOne\Sentinel Agent 25.2.1.287\SentinelJava64.dll=extendedCapabilities 
java_command: org.codehaus.plexus.classworlds.launcher.Launcher -f demo/pom.xml package cargo:run
java_class_path (initial): C:\Program Files\apache-maven-3.9.6\boot\plexus-classworlds-2.7.0.jar
Launcher Type: SUN_STANDARD

[Global flags]
     intx CICompilerCount                          = 12                                        {product} {ergonomic}
     uint ConcGCThreads                            = 4                                         {product} {ergonomic}
     uint G1ConcRefinementThreads                  = 15                                        {product} {ergonomic}
   size_t G1HeapRegionSize                         = 4194304                                   {product} {ergonomic}
    uintx GCDrainStackTargetSize                   = 64                                        {product} {ergonomic}
   size_t InitialHeapSize                          = 532676608                                 {product} {ergonomic}
   size_t MarkStackSize                            = 4194304                                   {product} {ergonomic}
   size_t MaxHeapSize                              = 8506048512                                {product} {ergonomic}
   size_t MinHeapDeltaBytes                        = 4194304                                   {product} {ergonomic}
   size_t MinHeapSize                              = 8388608                                   {product} {ergonomic}
    uintx NonNMethodCodeHeapSize                   = 7602480                                {pd product} {ergonomic}
    uintx NonProfiledCodeHeapSize                  = 122027880                              {pd product} {ergonomic}
    uintx ProfiledCodeHeapSize                     = 122027880                              {pd product} {ergonomic}
    uintx ReservedCodeCacheSize                    = 251658240                              {pd product} {ergonomic}
     bool SegmentedCodeCache                       = true                                      {product} {ergonomic}
   size_t SoftMaxHeapSize                          = 8506048512                             {manageable} {ergonomic}
     bool UseCompressedClassPointers               = true                           {product lp64_product} {ergonomic}
     bool UseCompressedOops                        = true                           {product lp64_product} {ergonomic}
     bool UseG1GC                                  = true                                      {product} {ergonomic}
     bool UseLargePagesIndividualAllocation        = false                                  {pd product} {ergonomic}

Logging:
Log output configuration:
 #0: stdout all=warning uptime,level,tags
 #1: stderr all=off uptime,level,tags

Environment Variables:
PATH=D:\WINDOWS.X64_213000_db_home\bin;C:\Program Files\Common Files\Oracle\Java\javapath;C:\Program Files (x86)\Common Files\Oracle\Java\java8path;C:\Program Files (x86)\Common Files\Oracle\Java\javapath;C:\Windows\system32;C:\Windows;C:\Windows\System32\Wbem;C:\Windows\System32\WindowsPowerShell\v1.0\;C:\Windows\System32\OpenSSH\;C:\Program Files (x86)\NVIDIA Corporation\PhysX\Common;C:\Program Files\dotnet\;C:\Program Files (x86)\Kaspersky Lab\Endpoint Agent\;C:\WINDOWS\system32;C:\WINDOWS;C:\WINDOWS\System32\Wbem;C:\WINDOWS\System32\WindowsPowerShell\v1.0\;C:\WINDOWS\System32\OpenSSH\;C:\Users\houmed.hassan\AppData\Local\Android\Sdk;C:\Users\mahdi.djilal\AppData\Roaming\npm;C:\Program Files\Microsoft SQL Server Migration Assistant for MySQL\bin\;C:\Program Files\Kubernetes\Minikube;C:\Program Files\Tesseract-OCR;C:\Program Files\Microsoft SQL Server\Client SDK\ODBC\170\Tools\Binn\;C:\Program Files (x86)\Microsoft SQL Server\160\Tools\Binn\;C:\Program Files\Microsoft SQL Server\160\Tools\Binn\;C:\Program Files\Microsoft SQL Server\160\DTS\Binn\;C:\Program Files (x86)\Microsoft SQL Server\160\DTS\Binn\;C:\WINDOWS\system32;C:\WINDOWS;C:\WINDOWS\System32\Wbem;C:\WINDOWS\System32\WindowsPowerShell\v1.0\;C:\WINDOWS\System32\OpenSSH\;C:\Program Files\NVIDIA Corporation\NVIDIA app\NvDLISR;C:\Program Files\Git\cmd;C:\Users\mahdi.djilal\AppData\Local\nvm;C:\nvm4w\nodejs;C:\Program Files\nodejs\;C:\ProgramData\chocolatey\bin;C:\Program Files\Amazon\AWSCLIV2\;C:\Program Files\Vagrant\bin;C:\Program Files\cursor\resources\app\bin;C:\Program Files\Docker\Docker\resources\bin;C:\Program Files\MySQL\MySQL Shell 8.3\bin\;C:\Users\mahdi.djilal\AppData\Local\Microsoft\WindowsApps;C:\Users\mahdi.djilal\AppData\Local\Programs\Microsoft VS Code\bin;C:\Program Files\apache-maven-3.9.6\bin;C:\Users\mahdi.djilal\AppData\Local\nvm;C:\Program Files\nodejs;C:\Users\mahdi.djilal\AppData\Local\nvm\v14.21.3;C:\Users\mahdi.djilal\AppData\Local\nvm\v14.21.3\node_modules\npm\bin;C:\Users\mahdi.djil
USERNAME=mahdi.djilal
LANG=en_US.UTF-8
OS=Windows_NT
PROCESSOR_IDENTIFIER=Intel64 Family 6 Model 154 Stepping 3, GenuineIntel



---------------  S Y S T E M  ---------------

OS:
 Windows 11 , 64 bit Build 26100 (10.0.26100.3775)
OS uptime: 0 days 1:05 hours
Hyper-V role detected

CPU: total 20 (initial active 20) (10 cores per cpu, 2 threads per core) family 6 model 154 stepping 3 microcode 0x435, cx8, cmov, fxsr, ht, mmx, 3dnowpref, sse, sse2, sse3, ssse3, sse4.1, sse4.2, popcnt, lzcnt, tsc, tscinvbit, avx, avx2, aes, erms, clmul, bmi1, bmi2, adx, sha, fma, vzeroupper, clflush, clflushopt, clwb, hv

Memory: 4k page, system-wide physical 32439M (8434M free)
TotalPageFile size 34487M (AvailPageFile size 146M)
current process WorkingSet (physical memory assigned to process): 21M, peak: 21M
current process commit charge ("private bytes"): 79M, peak: 587M

vm_info: Java HotSpot(TM) 64-Bit Server VM (17.0.16+12-LTS-247) for windows-amd64 JRE (17.0.16+12-LTS-247), built on Jun 27 2025 10:11:42 by "mach5one" with MS VC++ 17.6 (VS2022)

END.
